// Jest Snapshot v1, https://goo.gl/fbAQLP

exports[`Recipe uses props 1`] = `ShallowWrapper {}`;
